// Jest Snapshot v1, https://goo.gl/fbAQLP

exports[`public exports should have unchanged public exports 1`] = `
Object {
  "PerfTiming": PerformanceApiManager {
    "isEnabled": false,
  },
}
`;
